---
source: src/test.rs
expression: output

---
==INPUT==


import {foo, bar as bbar} from "../state";
import * as dep2 from "dep2";
import dep3 from "dep3/something";

export const Header = qComponent({
    onRender: qHook(() => {
        return (
            <Header onClick={qHook((ev) => dep3(ev))}>
                {dep2.stuff()}{bbar()}
            </Header>
        );
    })
});

export const App = qComponent({
    onRender: qHook(() => {
        return (
            <Header>{foo()}</Header>
        );
    })
});
    
============================= /user/qwik/src/project/test.tsx==

import { foo, bar as bbar } from "../state";
import * as dep2 from "dep2";
import dep3 from "dep3/something";
export const Header = qComponent({
    onRender: qHook("entry_hooks#Header_onRender")
});
export const App = qComponent({
    onRender: qHook("entry_hooks#App_onRender")
});

============================= /user/qwik/src/h_test_App_onRender.tsx==

import { Header } from "./project/test";
import { foo } from "./state";
export const App_onRender = qHook(()=>{
    return (<Header >{foo()}</Header>);
});

============================= /user/qwik/src/h_test_Header_onRender_Header_onClick.tsx==

import dep3 from "dep3/something";
export const Header_onRender_Header_onClick = qHook((ev)=>dep3(ev)
);

============================= /user/qwik/src/h_test_Header_onRender.tsx==

import { Header } from "./project/test";
import { bar as bbar } from "./state";
import * as dep2 from "dep2";
export const Header_onRender = qHook(()=>{
    return (<Header onClick={qHook("entry_hooks#Header_onRender_Header_onClick")}>

                {dep2.stuff()}{bbar()}

            </Header>);
});

============================= /user/qwik/src/entry_hooks.ts==

export { App_onRender } from "./h_test_App_onRender";
export { Header_onRender_Header_onClick } from "./h_test_Header_onRender_Header_onClick";
export { Header_onRender } from "./h_test_Header_onRender";

== HOOKS ==

[
  {
    "origin": "project/test.tsx",
    "name": "App_onRender",
    "entry": "entry_hooks",
    "canonical_filename": "h_test_App_onRender",
    "local_decl": [],
    "local_idents": [
      "Header",
      "foo",
      "qHook"
    ]
  },
  {
    "origin": "project/test.tsx",
    "name": "Header_onRender_Header_onClick",
    "entry": "entry_hooks",
    "canonical_filename": "h_test_Header_onRender_Header_onClick",
    "local_decl": [
      "ev"
    ],
    "local_idents": [
      "dep3",
      "ev",
      "qHook"
    ]
  },
  {
    "origin": "project/test.tsx",
    "name": "Header_onRender",
    "entry": "entry_hooks",
    "canonical_filename": "h_test_Header_onRender",
    "local_decl": [],
    "local_idents": [
      "Header",
      "bbar",
      "dep2",
      "onClick",
      "qHook",
      "stuff"
    ]
  }
]

== DIAGNOSTICS ==

[]
