---
source: src/test.rs
expression: output

---
==INPUT==


export function App() {
    const Header = qComponent({
        "onMount": qHook(() => { console.log("mount") }),
        onRender: qHook(() => {
            return (
            <div onClick={qHook((ctx) => console.log(ctx))}/>
            );
        })
    });
    return Header;
}
    

== CODE ==

export const App_Header_onRender_h = qHook(()=>{
    return (<div onClick={qHook("App_Header_onRender_div_onClick_h")}/>);
});
export const App_Header_onRender_div_onClick_h = qHook((ctx)=>console.log(ctx)
);
export const App_Header_onMount_h = qHook(()=>{
    console.log("mount");
});
export function App() {
    const Header = qComponent({
        "onMount": qHook("App_Header_onMount_h"),
        onRender: qHook("App_Header_onRender_h")
    });
    return Header;
}


== MAP ==

{"version":3,"sources":["test.tsx"],"names":[],"mappings":"qCAIkB,KAAK,KAAO,CAAC;IACnB,MAAM,GACL,GAAG,CAAC,OAAO;AAEhB,CAAC;iDAFiB,KAAK,EAAE,GAAG,GAAK,OAAO,CAAC,GAAG,CAAC,GAAG;;oCAHrC,KAAK,KAAO,CAAC;IAAC,OAAO,CAAC,GAAG,CAAC,CAAO;AAAE,CAAC;gBAFvC,GAAG,GAAG,CAAC;IACnB,KAAK,CAAC,MAAM,GAAG,UAAU,CAAC,CAAC;QACvB,CAAS;QACT,QAAQ;IAKZ,CAAC;IACD,MAAM,CAAC,MAAM;AACjB,CAAC"}

== HOOKS ==

[
  {
    "name": "App_Header_onMount_h",
    "local_decl": [],
    "local_idents": [
      "console",
      "log",
      "qHook"
    ]
  },
  {
    "name": "App_Header_onRender_div_onClick_h",
    "local_decl": [
      "ctx"
    ],
    "local_idents": [
      "console",
      "ctx",
      "log",
      "qHook"
    ]
  },
  {
    "name": "App_Header_onRender_h",
    "local_decl": [],
    "local_idents": [
      "div",
      "onClick",
      "qHook"
    ]
  }
]

== DIAGNOSTICS ==

None
