---
source: src/optimizer/core/src/test.rs
assertion_line: 703
expression: output

---
==INPUT==


import { qHook, qComponent, h } from '@builder.io/qwik';
import thing from 'lib';
import * as all from 'lib';
import {s as se} from 'lib';


export const Header = qComponent({
    onMount: <div/>,
    onRender: qHook(() => <Footer>{thing}{all()}{se()}</Footer>)
});

export const Footer = qComponent();


    
============================= project/test.js ==

import*as a from"@builder.io/qwik";import{qComponent as b,h as c}from"@builder.io/qwik";export const Header=/*#__PURE__*/ b({onMount:/*#__PURE__*/ c("div",null),onRender:a.qrl(()=>import("../entry_hooks"),"Header_onRender")});export const Footer=/*#__PURE__*/ b();
============================= h_test_header_onrender.js ==

import*as a from"@builder.io/qwik";import{Footer as b}from"./project/test";import*as c from"lib";import{s as d}from"lib";import e from"lib";export const Header_onRender=()=>/*#__PURE__*/ h(b,null,e,c(),d());
============================= entry_hooks.js (ENTRY POINT)==

export{Header_onRender}from"./h_test_header_onrender";
== HOOKS ==

[
  {
    "origin": "project/test.tsx",
    "name": "Header_onRender",
    "entry": "entry_hooks",
    "canonicalFilename": "h_test_header_onrender"
  }
]

== DIAGNOSTICS ==

[]
