---
source: src/optimizer/core/src/test.rs
expression: output

---
==INPUT==


const Header = qComponent({
  "onMount": qHook(() => { console.log("mount") }),
  "otherThing": () => { console.log("otherThing") },
  onRender: () => {
    return (
      <div
        prop={(ctx) => console.log(ctx)}
        on:click={(ctx) => console.log(ctx)}
        />
    );
  }
});
    
============================= test.tsx ==

import * as __qwik__ from "@builder.io/qwik";
/*#__PURE__*/ qComponent({
    "onMount": __qwik__.qrl(()=>import("./h_test_header_onmount")
    , "Header_onMount"),
    "otherThing": __qwik__.qrl(()=>import("./h_test_header_otherthing")
    , "Header_otherThing"),
    onRender: __qwik__.qrl(()=>import("./h_test_header_onrender")
    , "Header_onRender")
});

============================= h_test_header_onmount.tsx (ENTRY POINT)==

import * as __qwik__ from "@builder.io/qwik";
export const Header_onMount = ()=>{
    console.log("mount");
};

============================= h_test_header_otherthing.tsx (ENTRY POINT)==

import * as __qwik__ from "@builder.io/qwik";
export const Header_otherThing = ()=>{
    console.log("otherThing");
};

============================= h_test_header_onrender_div_onclick.tsx (ENTRY POINT)==

import * as __qwik__ from "@builder.io/qwik";
export const Header_onRender_div_onclick = (ctx)=>console.log(ctx)
;

============================= h_test_header_onrender.tsx (ENTRY POINT)==

import * as __qwik__ from "@builder.io/qwik";
export const Header_onRender = ()=>{
    return (<div prop={(ctx)=>console.log(ctx)
    } on:click={__qwik__.qrl(()=>import("./h_test_header_onrender_div_onclick")
    , "Header_onRender_div_onclick")}/>);
};

== HOOKS ==

[
  {
    "origin": "test.tsx",
    "name": "Header_onMount",
    "entry": null,
    "canonicalFilename": "h_test_header_onmount"
  },
  {
    "origin": "test.tsx",
    "name": "Header_otherThing",
    "entry": null,
    "canonicalFilename": "h_test_header_otherthing"
  },
  {
    "origin": "test.tsx",
    "name": "Header_onRender_div_onclick",
    "entry": null,
    "canonicalFilename": "h_test_header_onrender_div_onclick"
  },
  {
    "origin": "test.tsx",
    "name": "Header_onRender",
    "entry": null,
    "canonicalFilename": "h_test_header_onrender"
  }
]

== DIAGNOSTICS ==

[]
