---
source: src/optimizer/core/src/test.rs
expression: output
---
==INPUT==


import { $, component$, useStyles$ } from '@builder.io/qwik';
import css1 from './global.css';
import css2 from './style.css';

export const App = component$(() => {
    const style = `${css1}${css2}`;
    useStyles$(style);
    const render = () => {
        return (
            <div></div>
        )
    };
    return $(render);
})

============================= test.js ==

import * as qwik from "@builder.io/qwik";
import { componentQrl } from "@builder.io/qwik";
export const App = /*#__PURE__*/ componentQrl(qwik.qrl(()=>import("./h_test_app_component")
, "App_component"));

============================= h_test_app_component_usestyles.js (ENTRY POINT)==

import * as qwik from "@builder.io/qwik";
export const App_component_useStyles = style;

/*
{
  "origin": "test.tsx",
  "name": "App_component_useStyles",
  "entry": null,
  "canonicalFilename": "h_test_app_component_usestyles",
  "extension": "js",
  "parent": "App_component",
  "ctxKind": "function",
  "ctxName": "useStyles$",
  "captures": false
}
*/
============================= h_test_app_component2.js (ENTRY POINT)==

import * as qwik from "@builder.io/qwik";
export const App_component2 = render;

/*
{
  "origin": "test.tsx",
  "name": "App_component2",
  "entry": null,
  "canonicalFilename": "h_test_app_component2",
  "extension": "js",
  "parent": "App_component",
  "ctxKind": "function",
  "ctxName": "$",
  "captures": false
}
*/
============================= h_test_app_component.js (ENTRY POINT)==

import * as qwik from "@builder.io/qwik";
import { jsx as _jsx } from "@builder.io/qwik/jsx-runtime";
import css1 from "./global.css";
import css2 from "./style.css";
import { useStylesQrl } from "@builder.io/qwik";
export const App_component = ()=>{
    const style = `${css1}${css2}`;
    useStylesQrl(qwik.qrl(()=>import("./h_test_app_component_usestyles")
    , "App_component_useStyles"));
    const render = ()=>{
        return /*#__PURE__*/ _jsx("div", {});
    };
    return qwik.qrl(()=>import("./h_test_app_component2")
    , "App_component2");
};

/*
{
  "origin": "test.tsx",
  "name": "App_component",
  "entry": null,
  "canonicalFilename": "h_test_app_component",
  "extension": "js",
  "parent": null,
  "ctxKind": "function",
  "ctxName": "component$",
  "captures": false
}
*/
== DIAGNOSTICS ==

[Diagnostic { origin: Atom('test.tsx' type=dynamic), message: "Identifier can not be captured", code_highlights: Some([CodeHighlight { message: None, loc: SourceLocation { start_line: 8, start_col: 16, end_line: 8, end_col: 20 } }]), hints: None, show_environment: false, severity: Error, documentation_url: None }, Diagnostic { origin: Atom('test.tsx' type=dynamic), message: "Identifier can not be captured", code_highlights: Some([CodeHighlight { message: None, loc: SourceLocation { start_line: 14, start_col: 14, end_line: 14, end_col: 19 } }]), hints: None, show_environment: false, severity: Error, documentation_url: None }]
