---
source: src/optimizer/core/src/test.rs
expression: output
---
==INPUT==


import { $, component$ } from '@builder.io/qwik';

export const Foo = component$(() => {

    return $(() => {
        const handler = $(() => console.log('reused'));
        return (
            <div
                onClick$={()=>console.log('onClick$')}
                onDocumentScroll$={()=>console.log('onDocumentScroll')}
                onDocumentScroll$={()=>console.log('onWindowScroll')}

                on-cLick$={()=>console.log('on-cLick$')}
                onDocument-sCroll$={()=>console.log('onDocument-sCroll')}
                onDocument-scroLL$={()=>console.log('onDocument-scroLL')}

                host:onClick$={()=>console.log('host:onClick$')}
                host:onDocumentScroll$={()=>console.log('host:onDocument:scroll')}
                host:onDocumentScroll$={()=>console.log('host:onWindow:scroll')}

                onKeyup={handler}
                onDocument:keyup={handler}
                onWindow:keyup={handler}

                custom$={()=>console.log('custom')}
            />
        )
    });
}, {
    tagName: "my-foo",
});

============================= test.js ==

import * as qwik from "@builder.io/qwik";
import { componentQrl } from "@builder.io/qwik";
export const Foo = /*#__PURE__*/ componentQrl(qwik.qrl(()=>import("./h_test_foo_component")
, "Foo_component"), {
    tagName: "my-foo"
});

============================= h_test_foo_component_handler.js (ENTRY POINT)==

import * as qwik from "@builder.io/qwik";
export const Foo_component_handler = ()=>console.log('reused')
;

/*
{
  "origin": "test.tsx",
  "name": "Foo_component_handler",
  "entry": null,
  "canonicalFilename": "h_test_foo_component_handler",
  "extension": "js"
}
*/
============================= h_test_foo_component_div_onclick.js (ENTRY POINT)==

import * as qwik from "@builder.io/qwik";
export const Foo_component_div_onClick = ()=>console.log('onClick$')
;

/*
{
  "origin": "test.tsx",
  "name": "Foo_component_div_onClick",
  "entry": null,
  "canonicalFilename": "h_test_foo_component_div_onclick",
  "extension": "js"
}
*/
============================= h_test_foo_component_div_ondocumentscroll.js (ENTRY POINT)==

import * as qwik from "@builder.io/qwik";
export const Foo_component_div_onDocumentScroll = ()=>console.log('onDocumentScroll')
;

/*
{
  "origin": "test.tsx",
  "name": "Foo_component_div_onDocumentScroll",
  "entry": null,
  "canonicalFilename": "h_test_foo_component_div_ondocumentscroll",
  "extension": "js"
}
*/
============================= h_test_foo_component_div_ondocumentscroll5.js (ENTRY POINT)==

import * as qwik from "@builder.io/qwik";
export const Foo_component_div_onDocumentScroll5 = ()=>console.log('onWindowScroll')
;

/*
{
  "origin": "test.tsx",
  "name": "Foo_component_div_onDocumentScroll5",
  "entry": null,
  "canonicalFilename": "h_test_foo_component_div_ondocumentscroll5",
  "extension": "js"
}
*/
============================= h_test_foo_component_div_on_click.js (ENTRY POINT)==

import * as qwik from "@builder.io/qwik";
export const Foo_component_div_on_cLick = ()=>console.log('on-cLick$')
;

/*
{
  "origin": "test.tsx",
  "name": "Foo_component_div_on_cLick",
  "entry": null,
  "canonicalFilename": "h_test_foo_component_div_on_click",
  "extension": "js"
}
*/
============================= h_test_foo_component_div_ondocument_scroll.js (ENTRY POINT)==

import * as qwik from "@builder.io/qwik";
export const Foo_component_div_onDocument_sCroll = ()=>console.log('onDocument-sCroll')
;

/*
{
  "origin": "test.tsx",
  "name": "Foo_component_div_onDocument_sCroll",
  "entry": null,
  "canonicalFilename": "h_test_foo_component_div_ondocument_scroll",
  "extension": "js"
}
*/
============================= h_test_foo_component_div_ondocument_scroll.js (ENTRY POINT)==

import * as qwik from "@builder.io/qwik";
export const Foo_component_div_onDocument_scroLL = ()=>console.log('onDocument-scroLL')
;

/*
{
  "origin": "test.tsx",
  "name": "Foo_component_div_onDocument_scroLL",
  "entry": null,
  "canonicalFilename": "h_test_foo_component_div_ondocument_scroll",
  "extension": "js"
}
*/
============================= h_test_foo_component_div_host_onclick.js (ENTRY POINT)==

import * as qwik from "@builder.io/qwik";
export const Foo_component_div_host_onClick = ()=>console.log('host:onClick$')
;

/*
{
  "origin": "test.tsx",
  "name": "Foo_component_div_host_onClick",
  "entry": null,
  "canonicalFilename": "h_test_foo_component_div_host_onclick",
  "extension": "js"
}
*/
============================= h_test_foo_component_div_host_ondocumentscroll.js (ENTRY POINT)==

import * as qwik from "@builder.io/qwik";
export const Foo_component_div_host_onDocumentScroll = ()=>console.log('host:onDocument:scroll')
;

/*
{
  "origin": "test.tsx",
  "name": "Foo_component_div_host_onDocumentScroll",
  "entry": null,
  "canonicalFilename": "h_test_foo_component_div_host_ondocumentscroll",
  "extension": "js"
}
*/
============================= h_test_foo_component_div_host_ondocumentscroll11.js (ENTRY POINT)==

import * as qwik from "@builder.io/qwik";
export const Foo_component_div_host_onDocumentScroll11 = ()=>console.log('host:onWindow:scroll')
;

/*
{
  "origin": "test.tsx",
  "name": "Foo_component_div_host_onDocumentScroll11",
  "entry": null,
  "canonicalFilename": "h_test_foo_component_div_host_ondocumentscroll11",
  "extension": "js"
}
*/
============================= h_test_foo_component_div_custom.js (ENTRY POINT)==

import * as qwik from "@builder.io/qwik";
export const Foo_component_div_custom = ()=>console.log('custom')
;

/*
{
  "origin": "test.tsx",
  "name": "Foo_component_div_custom",
  "entry": null,
  "canonicalFilename": "h_test_foo_component_div_custom",
  "extension": "js"
}
*/
============================= h_test_foo_component1.js (ENTRY POINT)==

import * as qwik from "@builder.io/qwik";
import { jsx as _jsx } from "@builder.io/qwik/jsx-runtime";
export const Foo_component1 = ()=>{
    const handler = qwik.qrl(()=>import("./h_test_foo_component_handler")
    , "Foo_component_handler");
    return /*#__PURE__*/ _jsx("div", {
        onClickQrl: qwik.qrl(()=>import("./h_test_foo_component_div_onclick")
        , "Foo_component_div_onClick"),
        onDocumentScrollQrl: qwik.qrl(()=>import("./h_test_foo_component_div_ondocumentscroll")
        , "Foo_component_div_onDocumentScroll"),
        onDocumentScrollQrl: qwik.qrl(()=>import("./h_test_foo_component_div_ondocumentscroll5")
        , "Foo_component_div_onDocumentScroll5"),
        "on-cLickQrl": qwik.qrl(()=>import("./h_test_foo_component_div_on_click")
        , "Foo_component_div_on_cLick"),
        "onDocument-sCrollQrl": qwik.qrl(()=>import("./h_test_foo_component_div_ondocument_scroll")
        , "Foo_component_div_onDocument_sCroll"),
        "onDocument-scroLLQrl": qwik.qrl(()=>import("./h_test_foo_component_div_ondocument_scroll")
        , "Foo_component_div_onDocument_scroLL"),
        "host:onClickQrl": qwik.qrl(()=>import("./h_test_foo_component_div_host_onclick")
        , "Foo_component_div_host_onClick"),
        "host:onDocumentScrollQrl": qwik.qrl(()=>import("./h_test_foo_component_div_host_ondocumentscroll")
        , "Foo_component_div_host_onDocumentScroll"),
        "host:onDocumentScrollQrl": qwik.qrl(()=>import("./h_test_foo_component_div_host_ondocumentscroll11")
        , "Foo_component_div_host_onDocumentScroll11"),
        onKeyup: handler,
        "onDocument:keyup": handler,
        "onWindow:keyup": handler,
        customQrl: qwik.qrl(()=>import("./h_test_foo_component_div_custom")
        , "Foo_component_div_custom")
    });
};

/*
{
  "origin": "test.tsx",
  "name": "Foo_component1",
  "entry": null,
  "canonicalFilename": "h_test_foo_component1",
  "extension": "js"
}
*/
============================= h_test_foo_component.js (ENTRY POINT)==

import * as qwik from "@builder.io/qwik";
export const Foo_component = ()=>{
    return qwik.qrl(()=>import("./h_test_foo_component1")
    , "Foo_component1");
};

/*
{
  "origin": "test.tsx",
  "name": "Foo_component",
  "entry": null,
  "canonicalFilename": "h_test_foo_component",
  "extension": "js"
}
*/
== DIAGNOSTICS ==

[]
