---
source: src/test.rs
expression: v.diagnostics

---
None
