// Jest Snapshot v1, https://goo.gl/fbAQLP

exports[`store should serialize content 1`] = `
Object {
  "objs": Array [
    Object {},
    Object {},
  ],
  "subs": Array [
    Object {},
    Object {},
  ],
}
`;
