---
source: packages/qwik/src/optimizer/core/src/test.rs
assertion_line: 2132
expression: output
---
==INPUT==


import { component$, useStore, $ } from '@builder.io/qwik';
import importedValue from 'v';
import styles from './styles.module.css';

export const App = component$((props) => {
	const {Model} = props;
	const state = useStore({count: 0});
	const remove = $((id: number) => {
		const d = state.data;
		d.splice(
			d.findIndex((d) => d.id === id),
			1
		)
		});
	return (
		<>
			<p class="stuff" onClick$={props.onClick$}>Hello Qwik</p>
			<Div
				class={styles.foo}
				document={window.document}
				onClick$={props.onClick$}
				onEvent$={() => console.log('stuff')}
				transparent$={() => {console.log('stuff')}}
				immutable1="stuff"
				immutable2={{
					foo: 'bar',
					baz: importedValue ? true : false,
				}}
				immutable3={2}
				immutable4$={(ev) => console.log(state.count)}
				immutable5={[1, 2, importedValue, null, {}]}
			>
				<p>Hello Qwik</p>
			</Div>
			[].map(() => (
				<Model
					class={state}
					remove$={remove}
					mutable1={{
						foo: 'bar',
						baz: state.count ? true : false,
					}}
					mutable2={(() => console.log(state.count))()}
					mutable3={[1, 2, state, null, {}]}
				/>
			));
		</>
	);
});

============================= test.js ==

import { componentQrl } from "@builder.io/qwik";
import { qrl } from "@builder.io/qwik";
export const App = /*#__PURE__*/ componentQrl(/*#__PURE__*/ qrl(()=>import("./app_component_ckepmxzlub0"), "App_component_ckEPmXZlub0"));


Some("{\"version\":3,\"sources\":[\"/user/qwik/src/test.tsx\"],\"names\":[],\"mappings\":\";;AAKA,OAAO,MAAM,oBAAM,wGA4ChB\"}")
============================= app_component__fragment_div_onevent_p0vwsfvwp1k.js (ENTRY POINT)==

export const App_component__Fragment_Div_onEvent_p0vWsfvWP1k = ()=>console.log('stuff');


Some("{\"version\":3,\"sources\":[\"/user/qwik/src/test.tsx\"],\"names\":[],\"mappings\":\"+DAsBc,IAAM,QAAQ,GAAG,CAAC\"}")
/*
{
  "origin": "test.tsx",
  "name": "App_component__Fragment_Div_onEvent_p0vWsfvWP1k",
  "entry": null,
  "displayName": "App_component__Fragment_Div_onEvent",
  "hash": "p0vWsfvWP1k",
  "canonicalFilename": "app_component__fragment_div_onevent_p0vwsfvwp1k",
  "extension": "js",
  "parent": "App_component_ckEPmXZlub0",
  "ctxKind": "jSXProp",
  "ctxName": "onEvent$",
  "captures": false,
  "loc": [
    545,
    571
  ]
}
*/
============================= app_component__fragment_div_immutable4_qt1dno4izxo.js (ENTRY POINT)==

import { useLexicalScope } from "@builder.io/qwik";
export const App_component__Fragment_Div_immutable4_QT1DNo4IZXo = (ev)=>{
    const [state] = useLexicalScope();
    return console.log(state.count);
};


Some("{\"version\":3,\"sources\":[\"/user/qwik/src/test.tsx\"],\"names\":[],\"mappings\":\";kEA8BiB,CAAC;;WAAO,QAAQ,GAAG,CAAC,MAAM,KAAK\"}")
/*
{
  "origin": "test.tsx",
  "name": "App_component__Fragment_Div_immutable4_QT1DNo4IZXo",
  "entry": null,
  "displayName": "App_component__Fragment_Div_immutable4",
  "hash": "QT1DNo4IZXo",
  "canonicalFilename": "app_component__fragment_div_immutable4_qt1dno4izxo",
  "extension": "js",
  "parent": "App_component_ckEPmXZlub0",
  "ctxKind": "jSXProp",
  "ctxName": "immutable4$",
  "captures": true,
  "loc": [
    762,
    794
  ]
}
*/
============================= app_component_ckepmxzlub0.js (ENTRY POINT)==

import { Fragment as _Fragment } from "@builder.io/qwik/jsx-runtime";
import { _fnSignal } from "@builder.io/qwik";
import { _jsxSorted } from "@builder.io/qwik";
import importedValue from "v";
import { qrl } from "@builder.io/qwik";
import styles from "./styles.module.css";
import { useStore } from "@builder.io/qwik";
export const App_component_ckEPmXZlub0 = (props)=>{
    const state = useStore({
        count: 0
    });
    const remove = /*#__PURE__*/ qrl(()=>import("./app_component_remove_pu6yoc5p6sy"), "App_component_remove_pU6yOC5P6sY", [
        state
    ]);
    return /*#__PURE__*/ _jsxSorted(_Fragment, null, null, [
        /*#__PURE__*/ _jsxSorted("p", {
            onClick$: props.onClick$
        }, {
            class: "stuff"
        }, "Hello Qwik", 2, null),
        /*#__PURE__*/ _jsxSorted(Div, {
            document: window.document,
            onClick$: props.onClick$
        }, {
            class: styles.foo,
            onEvent$: /*#__PURE__*/ qrl(()=>import("./app_component__fragment_div_onevent_p0vwsfvwp1k"), "App_component__Fragment_Div_onEvent_p0vWsfvWP1k"),
            transparent$: /*#__PURE__*/ qrl(()=>import("./app_component__fragment_div_transparent_jtd8sctndsg"), "App_component__Fragment_Div_transparent_jTD8SCTNDsg"),
            immutable1: "stuff",
            immutable2: {
                foo: 'bar',
                baz: importedValue ? true : false
            },
            immutable3: 2,
            immutable4$: /*#__PURE__*/ qrl(()=>import("./app_component__fragment_div_immutable4_qt1dno4izxo"), "App_component__Fragment_Div_immutable4_QT1DNo4IZXo", [
                state
            ]),
            immutable5: [
                1,
                2,
                importedValue,
                null,
                {}
            ]
        }, /*#__PURE__*/ _jsxSorted("p", null, null, "Hello Qwik", 3, null), 2, "u6_0"),
        "[].map(() => (",
        /*#__PURE__*/ _jsxSorted(props.Model, {
            mutable2: (()=>console.log(state.count))()
        }, {
            class: state,
            remove$: remove,
            mutable1: _fnSignal((p0)=>({
                    foo: 'bar',
                    baz: p0.count ? true : false
                }), [
                state
            ], '{foo:"bar",baz:p0.count?true:false}'),
            mutable3: [
                1,
                2,
                state,
                null,
                {}
            ]
        }, null, 3, "u6_1"),
        "));"
    ], 1, "u6_2");
};


Some("{\"version\":3,\"sources\":[\"/user/qwik/src/test.tsx\"],\"names\":[],\"mappings\":\";;;;;;;yCAK8B,CAAC,QAAU;IAExC,MAAM,QAAQ,SAAS;QAAC,OAAO;IAAC;IAChC,MAAM;;;IAON,qBACC;sBACC,WAAC;YAAgB,UAAU,MAAM,QAAQ;;YAAtC,OAAM;WAAkC;sBAC3C,WAAC;YAEA,UAAU,OAAO,QAAQ;YACzB,UAAU,MAAM,QAAQ;;YAFxB,OAAO,OAAO,GAAG;YAGjB,QAAQ;YACR,YAAY;YACZ,YAAW;YACX,YAAY;gBACX,KAAK;gBACL,KAAK,gBAAgB,IAAI,GAAG,KAAK;YAClC;YACA,YAAY;YACZ,WAAW;;;YACX,YAAY;gBAAC;gBAAG;gBAAG;gBAAe,IAAI;gBAAE,CAAC;aAAE;yBAE3C,WAAC,iBAAE;QACE;sBAEL,WA9Ba,MAAT;YAqCH,UAAU,AAAC,CAAA,IAAM,QAAQ,GAAG,CAAC,MAAM,KAAK,CAAA;;YANxC,OAAO;YACP,SAAS;YACT,QAAQ,kBAAE,CAAA;oBACT,KAAK;oBACL,KAAK,GAAM,KAAK,GAAG,IAAI,GAAG,KAAK;gBAChC,CAAA;;;YAEA,UAAU;gBAAC;gBAAG;gBAAG;gBAAO,IAAI;gBAAE,CAAC;aAAE;;QAChC;;AAIN\"}")
/*
{
  "origin": "test.tsx",
  "name": "App_component_ckEPmXZlub0",
  "entry": null,
  "displayName": "App_component",
  "hash": "ckEPmXZlub0",
  "canonicalFilename": "app_component_ckepmxzlub0",
  "extension": "js",
  "parent": null,
  "ctxKind": "function",
  "ctxName": "component$",
  "captures": false,
  "loc": [
    166,
    1150
  ]
}
*/
============================= app_component_remove_pu6yoc5p6sy.js (ENTRY POINT)==

import { useLexicalScope } from "@builder.io/qwik";
export const App_component_remove_pU6yOC5P6sY = (id)=>{
    const [state] = useLexicalScope();
    const d = state.data;
    d.splice(d.findIndex((d)=>d.id === id), 1);
};
export { _hW } from "@builder.io/qwik";


Some("{\"version\":3,\"sources\":[\"/user/qwik/src/test.tsx\"],\"names\":[],\"mappings\":\";gDAQkB,CAAC;;IACjB,MAAM,IAAI,MAAM,IAAI;IACpB,EAAE,MAAM,CACP,EAAE,SAAS,CAAC,CAAC,IAAM,EAAE,EAAE,KAAK,KAC5B\"}")
/*
{
  "origin": "test.tsx",
  "name": "App_component_remove_pU6yOC5P6sY",
  "entry": null,
  "displayName": "App_component_remove",
  "hash": "pU6yOC5P6sY",
  "canonicalFilename": "app_component_remove_pu6yoc5p6sy",
  "extension": "js",
  "parent": "App_component_ckEPmXZlub0",
  "ctxKind": "function",
  "ctxName": "$",
  "captures": true,
  "loc": [
    258,
    360
  ]
}
*/
============================= app_component__fragment_div_transparent_jtd8sctndsg.js (ENTRY POINT)==

export const App_component__Fragment_Div_transparent_jTD8SCTNDsg = ()=>{
    console.log('stuff');
};


Some("{\"version\":3,\"sources\":[\"/user/qwik/src/test.tsx\"],\"names\":[],\"mappings\":\"mEAuBkB,IAAM;IAAC,QAAQ,GAAG,CAAC;AAAQ\"}")
/*
{
  "origin": "test.tsx",
  "name": "App_component__Fragment_Div_transparent_jTD8SCTNDsg",
  "entry": null,
  "displayName": "App_component__Fragment_Div_transparent",
  "hash": "jTD8SCTNDsg",
  "canonicalFilename": "app_component__fragment_div_transparent_jtd8sctndsg",
  "extension": "js",
  "parent": "App_component_ckEPmXZlub0",
  "ctxKind": "jSXProp",
  "ctxName": "transparent$",
  "captures": false,
  "loc": [
    591,
    619
  ]
}
*/
== DIAGNOSTICS ==

[]
