---
source: packages/qwik/src/optimizer/core/src/test.rs
assertion_line: 2783
expression: output
---
==INPUT==


import { component$, useStore, mutable } from '@builder.io/qwik';

import {dep} from './file';

export const App = component$(() => {
	const signal = useSignal(0);
	const store = useStore({});
	return (
		<>
			<div>First text</div>
			<div>First {`text`}</div>
			<div>First {1}</div>
			<div>First {true}</div>
			<div>First {`text${12}`}</div>
			<div>First {typeof `text${12}` === 'string' ? 12 : 43}</div>
			<div>First {signal}</div>
			<div>First {signal.value}</div>
			<div>First {12 + signal.value}</div>
			<div>First {store.address.city.name}</div>
			<div>First {store.address.city.name ? 'true' : 'false'}</div>
			<div>First {dep}</div>
			<div>First {dep.thing}</div>
			<div>First {dep.thing + 'stuff'}</div>
			<div>First {globalThing}</div>
			<div>First {globalThing.thing}</div>
			<div>First {globalThing.thing + 'stuff'}</div>
			<div>First {signal.value()}</div>
			<div>First {signal.value + unknown()}</div>
			<div>First {mutable(signal)}</div>
			<div>First {signal.value + dep}</div>
		</>
	);
});

============================= test.js ==

import { componentQrl } from "@builder.io/qwik";
import { _jsxQ } from "@builder.io/qwik";
import { _wrapProp } from "@builder.io/qwik";
import { _fnSignal } from "@builder.io/qwik";
import { inlinedQrl } from "@builder.io/qwik";
import { Fragment as _Fragment } from "@builder.io/qwik/jsx-runtime";
import { useStore, mutable } from '@builder.io/qwik';
import { dep } from './file';
const App_component_ckEPmXZlub0 = ()=>{
    const signal = useSignal(0);
    const store = useStore({});
    return /*#__PURE__*/ _jsxQ(_Fragment, null, null, [
        /*#__PURE__*/ _jsxQ("div", null, null, "First text", 3, null),
        /*#__PURE__*/ _jsxQ("div", null, null, [
            "First ",
            `text`
        ], 3, null),
        /*#__PURE__*/ _jsxQ("div", null, null, [
            "First ",
            1
        ], 3, null),
        /*#__PURE__*/ _jsxQ("div", null, null, [
            "First ",
            true
        ], 3, null),
        /*#__PURE__*/ _jsxQ("div", null, null, [
            "First ",
            `text${12}`
        ], 3, null),
        /*#__PURE__*/ _jsxQ("div", null, null, [
            "First ",
            typeof `text${12}` === 'string' ? 12 : 43
        ], 3, null),
        /*#__PURE__*/ _jsxQ("div", null, null, [
            "First ",
            signal
        ], 3, null),
        /*#__PURE__*/ _jsxQ("div", null, null, [
            "First ",
            _wrapProp(signal, "value")
        ], 3, null),
        /*#__PURE__*/ _jsxQ("div", null, null, [
            "First ",
            _fnSignal((p0)=>12 + p0.value, [
                signal
            ], "12+p0.value")
        ], 3, null),
        /*#__PURE__*/ _jsxQ("div", null, null, [
            "First ",
            _fnSignal((p0)=>p0.address.city.name, [
                store
            ], "p0.address.city.name")
        ], 3, null),
        /*#__PURE__*/ _jsxQ("div", null, null, [
            "First ",
            _fnSignal((p0)=>p0.address.city.name ? 'true' : 'false', [
                store
            ], 'p0.address.city.name?"true":"false"')
        ], 3, null),
        /*#__PURE__*/ _jsxQ("div", null, null, [
            "First ",
            dep
        ], 3, null),
        /*#__PURE__*/ _jsxQ("div", null, null, [
            "First ",
            dep.thing
        ], 3, null),
        /*#__PURE__*/ _jsxQ("div", null, null, [
            "First ",
            dep.thing + 'stuff'
        ], 3, null),
        /*#__PURE__*/ _jsxQ("div", null, null, [
            "First ",
            globalThing
        ], 1, null),
        /*#__PURE__*/ _jsxQ("div", null, null, [
            "First ",
            globalThing.thing
        ], 1, null),
        /*#__PURE__*/ _jsxQ("div", null, null, [
            "First ",
            globalThing.thing + 'stuff'
        ], 1, null),
        /*#__PURE__*/ _jsxQ("div", null, null, [
            "First ",
            signal.value()
        ], 1, null),
        /*#__PURE__*/ _jsxQ("div", null, null, [
            "First ",
            signal.value + unknown()
        ], 1, null),
        /*#__PURE__*/ _jsxQ("div", null, null, [
            "First ",
            mutable(signal)
        ], 1, null),
        /*#__PURE__*/ _jsxQ("div", null, null, [
            "First ",
            signal.value + dep
        ], 1, null)
    ], 1, "u6_0");
};
export const App = /*#__PURE__*/ componentQrl(/*#__PURE__*/ inlinedQrl(App_component_ckEPmXZlub0, "App_component_ckEPmXZlub0"));


Some("{\"version\":3,\"sources\":[\"/user/qwik/src/test.tsx\"],\"names\":[],\"mappings\":\";;;;;;AACA,SAAqB,QAAQ,EAAE,OAAO,QAAQ,mBAAmB;AAEjE,SAAQ,GAAG,QAAO,SAAS;kCAEG,IAAM;IACnC,MAAM,SAAS,UAAU;IACzB,MAAM,QAAQ,SAAS,CAAC;IACxB,qBACC;sBACC,MAAC,mBAAI;sBACL,MAAC;YAAI;YAAO,CAAC,IAAI,CAAC;;sBAClB,MAAC;YAAI;YAAO;;sBACZ,MAAC;YAAI;YAAO,IAAI;;sBAChB,MAAC;YAAI;YAAO,CAAC,IAAI,EAAE,GAAG,CAAC;;sBACvB,MAAC;YAAI;YAAO,OAAO,CAAC,IAAI,EAAE,GAAG,CAAC,KAAK,WAAW,KAAK,EAAE;;sBACrD,MAAC;YAAI;YAAO;;sBACZ,MAAC;YAAI;sBAAO;;sBACZ,MAAC;YAAI;4BAAO,KAAK,GAAO,KAAK;;;;sBAC7B,MAAC;YAAI;4BAAO,GAAM,OAAO,CAAC,IAAI,CAAC,IAAI;;;;sBACnC,MAAC;YAAI;4BAAO,GAAM,OAAO,CAAC,IAAI,CAAC,IAAI,GAAG,SAAS,OAAO;;;;sBACtD,MAAC;YAAI;YAAO;;sBACZ,MAAC;YAAI;YAAO,IAAI,KAAK;;sBACrB,MAAC;YAAI;YAAO,IAAI,KAAK,GAAG;;sBACxB,MAAC;YAAI;YAAO;;sBACZ,MAAC;YAAI;YAAO,YAAY,KAAK;;sBAC7B,MAAC;YAAI;YAAO,YAAY,KAAK,GAAG;;sBAChC,MAAC;YAAI;YAAO,OAAO,KAAK;;sBACxB,MAAC;YAAI;YAAO,OAAO,KAAK,GAAG;;sBAC3B,MAAC;YAAI;YAAO,QAAQ;;sBACpB,MAAC;YAAI;YAAO,OAAO,KAAK,GAAG;;;AAG9B;AA5BA,OAAO,MAAM,oBAAM,+FA4BhB\"}")
== DIAGNOSTICS ==

[]
