---
source: packages/qwik/src/optimizer/core/src/test.rs
assertion_line: 1031
expression: output
---
==INPUT==


import { $, component$, h, Fragment } from '@builder.io/qwik';

export const Lightweight = (props) => {
	return (
		<div>
			<>
				<div/>
				<button {...props}/>
			</>
		</div>
	)
};

export const Foo = component$((props) => {
	return $(() => {
		return (
			<div>
				<>
					<div class="class"/>
					<div class="class"></div>
					<div class="class">12</div>
				</>
				<div class="class">
					<Lightweight {...props}/>
				</div>
				<div class="class">
					<div/>
					<div/>
					<div/>
				</div>
				<div class="class">
					{children}
				</div>
			</div>
		)
	});
}, {
	tagName: "my-foo",
});

============================= test.js ==

import { _jsxQ } from "@builder.io/qwik";
import { _jsxC } from "@builder.io/qwik";
import { componentQrl } from "@builder.io/qwik";
import { qrl } from "@builder.io/qwik";
import { Fragment as _Fragment } from "@builder.io/qwik/jsx-runtime";
export const Lightweight = (props)=>{
    return /*#__PURE__*/ _jsxQ("div", null, null, /*#__PURE__*/ _jsxQ(_Fragment, null, null, [
        /*#__PURE__*/ _jsxQ("div", null, null, null, 3, null),
        /*#__PURE__*/ _jsxC("button", {
            ...props
        }, null, 0, null)
    ], 1, "u6_0"), 1, "u6_1");
};
export const Foo = /*#__PURE__*/ componentQrl(/*#__PURE__*/ qrl(()=>import("./foo_component_htdrsvublie"), "Foo_component_HTDRsvUbLiE"), {
    tagName: "my-foo"
});


Some("{\"version\":3,\"sources\":[\"/user/qwik/src/test.tsx\"],\"names\":[],\"mappings\":\";;;;;AAGA,OAAO,MAAM,cAAc,CAAC,QAAU;IACrC,qBACC,MAAC,iCACA;sBACC,MAAC;sBACD,MAAC;YAAQ,GAAG,KAAK;;;AAIrB,EAAE;AAEF,OAAO,MAAM,oBAAM,wGAuBhB;IACF,SAAS;AACV,GAAG\"}")
============================= foo_component_htdrsvublie.js (ENTRY POINT)==

import { qrl } from "@builder.io/qwik";
export const Foo_component_HTDRsvUbLiE = (props)=>{
    return /*#__PURE__*/ qrl(()=>import("./foo_component_1_dvu6fitwgly"), "Foo_component_1_DvU6FitWglY", [
        props
    ]);
};


Some("{\"version\":3,\"sources\":[\"/user/qwik/src/test.tsx\"],\"names\":[],\"mappings\":\";yCAc8B,CAAC,QAAU;IACxC;;;AAsBD\"}")
/*
{
  "origin": "test.tsx",
  "name": "Foo_component_HTDRsvUbLiE",
  "entry": null,
  "displayName": "Foo_component",
  "hash": "HTDRsvUbLiE",
  "canonicalFilename": "foo_component_htdrsvublie",
  "extension": "js",
  "parent": null,
  "ctxKind": "function",
  "ctxName": "component$",
  "captures": false,
  "loc": [
    219,
    583
  ]
}
*/
============================= foo_component_1_dvu6fitwgly.js (ENTRY POINT)==

import { useLexicalScope } from "@builder.io/qwik";
import { Lightweight } from "./test";
import { Fragment as _Fragment } from "@builder.io/qwik/jsx-runtime";
import { _jsxC } from "@builder.io/qwik";
import { _jsxQ } from "@builder.io/qwik";
export const Foo_component_1_DvU6FitWglY = ()=>{
    const [props] = useLexicalScope();
    return /*#__PURE__*/ _jsxQ("div", null, null, [
        /*#__PURE__*/ _jsxQ(_Fragment, null, null, [
            /*#__PURE__*/ _jsxQ("div", null, {
                class: "class"
            }, null, 3, null),
            /*#__PURE__*/ _jsxQ("div", null, {
                class: "class"
            }, null, 3, null),
            /*#__PURE__*/ _jsxQ("div", null, {
                class: "class"
            }, "12", 3, null)
        ], 3, "u6_2"),
        /*#__PURE__*/ _jsxQ("div", null, {
            class: "class"
        }, /*#__PURE__*/ _jsxC(Lightweight, {
            ...props
        }, null, 0, "u6_3"), 1, null),
        /*#__PURE__*/ _jsxQ("div", null, {
            class: "class"
        }, [
            /*#__PURE__*/ _jsxQ("div", null, null, null, 3, null),
            /*#__PURE__*/ _jsxQ("div", null, null, null, 3, null),
            /*#__PURE__*/ _jsxQ("div", null, null, null, 3, null)
        ], 3, null),
        /*#__PURE__*/ _jsxQ("div", null, {
            class: "class"
        }, children, 1, null)
    ], 1, "u6_4");
};
export { _hW } from "@builder.io/qwik";


Some("{\"version\":3,\"sources\":[\"/user/qwik/src/test.tsx\"],\"names\":[],\"mappings\":\";;;;;2CAeU;;IACR,qBACC,MAAC;sBACA;0BACC,MAAC;gBAAI,OAAM;;0BACX,MAAC;gBAAI,OAAM;;0BACX,MAAC;gBAAI,OAAM;eAAQ;;sBAEpB,MAAC;YAAI,OAAM;yBACV,MAAC;YAAa,GAAG,KAAK;;sBAEvB,MAAC;YAAI,OAAM;;0BACV,MAAC;0BACD,MAAC;0BACD,MAAC;;sBAEF,MAAC;YAAI,OAAM;WACT\"}")
/*
{
  "origin": "test.tsx",
  "name": "Foo_component_1_DvU6FitWglY",
  "entry": null,
  "displayName": "Foo_component_1",
  "hash": "DvU6FitWglY",
  "canonicalFilename": "foo_component_1_dvu6fitwgly",
  "extension": "js",
  "parent": "Foo_component_HTDRsvUbLiE",
  "ctxKind": "function",
  "ctxName": "$",
  "captures": true,
  "loc": [
    242,
    579
  ]
}
*/
== DIAGNOSTICS ==

[]
