---
source: packages/qwik/src/optimizer/core/src/test.rs
expression: output
---

============================= ../../node_modules/dep/dist/lib.mjs ==

import { componentQrl, inlinedQrl, useStore, useLexicalScope } from "@builder.io/qwik";
import { jsx, jsxs } from "@builder.io/qwik/jsx-runtime";
const useData = ()=>{
    return useStore({
        count: 0
    });
};
export const App = /*#__PURE__*/ componentQrl(inlinedQrl(()=>{
    const store = useData();
    return /*#__PURE__*/ jsxs("div", {
        children: [
            /*#__PURE__*/ jsxs("p", {
                children: [
                    "Count: ",
                    store.count
                ]
            }),
            /*#__PURE__*/ jsx("p", {
                children: /*#__PURE__*/ jsx("button", {
                    onClick$: inlinedQrl(()=>{
                        const [store] = useLexicalScope();
                        return store.count++;
                    }, "App_component_div_p_button_onClick_8dWUa0cJAr4", [
                        store
                    ]),
                    children: "Click"
                })
            })
        ]
    });
}, "App_component_AkbU84a8zes"));


Some("{\"version\":3,\"sources\":[\"/path/to/app/node_modules/dep/dist/lib.mjs\"],\"names\":[],\"mappings\":\"AACA,SAAS,YAAY,EAAE,UAAU,EAAE,QAAQ,EAAE,eAAe,QAAQ,kBAAkB,CAAC;AACvF,SAAS,GAAG,EAAE,IAAI,QAAQ,8BAA8B,CAAC;AAGzD,MAAM,OAAO,GAAG,IAAM;IAClB,OAAO,QAAQ,CAAC;QACZ,KAAK,EAAE,CAAC;KACX,CAAC,CAAC;AACP,CAAC;AAED,OAAO,MAAM,GAAG,GAAG,WAAW,GAAG,YAAY,CAAC,UAAU,CAAC,IAAI;IACzD,MAAM,KAAK,GAAG,OAAO,EAAE,AAAC;IACxB,OAAO,WAAW,GAAG,IAAI,CAAC,KAAK,EAAE;QAC7B,QAAQ,EAAE;YACN,WAAW,GAAG,IAAI,CAAC,GAAG,EAAE;gBACpB,QAAQ,EAAE;oBACN,SAAS;oBACT,KAAK,CAAC,KAAK;iBACd;aACJ,CAAC;YACF,WAAW,GAAG,GAAG,CAAC,GAAG,EAAE;gBACnB,QAAQ,EAAE,WAAW,GAAG,GAAG,CAAC,QAAQ,EAAE;oBAClC,QAAQ,EAAE,UAAU,CAAC,IAAI;wBACrB,MAAM,CAAC,KAAK,CAAC,GAAG,eAAe,EAAE,AAAC;wBAClC,OAAO,KAAK,CAAC,KAAK,EAAE,CAAC;oBACzB,CAAC,EAAE,gDAAgD,EAAE;wBACjD,KAAK;qBACR,CAAC;oBACF,QAAQ,EAAE,OAAO;iBACpB,CAAC;aACL,CAAC;SACL;KACJ,CAAC,CAAC;AACP,CAAC,EAAE,2BAA2B,CAAC,CAAC,CAAC\"}")
============================= local_component_jj0v28bs0p8.js (ENTRY POINT)==

import { jsx as _jsx } from "@builder.io/qwik/jsx-runtime";
import { state } from "./components/sibling";
export const Local_component_jJ0v28bs0p8 = ()=>{
    return /*#__PURE__*/ _jsx("div", {
        children: state
    });
};


Some("{\"version\":3,\"sources\":[\"/path/to/app/src/thing/components/main.tsx\"],\"names\":[],\"mappings\":\";;2CAIgC,IAAM;IAClC,qBACI,KAAC,KAAG;kBAAE,KAAK;MAAO,CACrB;AACL,CAAC\"}")
/*
{
  "origin": "components/main.tsx",
  "name": "Local_component_jJ0v28bs0p8",
  "entry": null,
  "displayName": "Local_component",
  "hash": "jJ0v28bs0p8",
  "canonicalFilename": "local_component_jj0v28bs0p8",
  "extension": "js",
  "parent": null,
  "ctxKind": "function",
  "ctxName": "component$",
  "captures": false,
  "loc": [
    120,
    175
  ]
}
*/
============================= components/main.js ==

import { _qrl } from "@builder.io/qwik";
import { componentQrl } from "@builder.io/qwik";
export const Local = /*#__PURE__*/ componentQrl(_qrl(()=>import("../local_component_jj0v28bs0p8.js"), "Local_component_jJ0v28bs0p8"));


Some("{\"version\":3,\"sources\":[\"/path/to/app/src/thing/components/main.tsx\"],\"names\":[],\"mappings\":\"AACA;;AAGA,OAAO,MAAM,KAAK,iBAAG,kGAInB,CAAC\"}")
== DIAGNOSTICS ==

[]
