---
source: packages/qwik/src/optimizer/core/src/test.rs
assertion_line: 1258
expression: output
---
==INPUT==


import { component$ as Component, $ as onRender } from '@builder.io/qwik';

export const handler = $(()=>console.log('hola'));

export const App = component$((props) => {
	useStyles$('hola');
	return $(() => (
		<div>{state.thing}</div>
	));
});

============================= test.js ==

import { _wrapProp } from "@builder.io/qwik";
import { _jsxQ } from "@builder.io/qwik";
export const handler = $(()=>console.log('hola'));
export const App = component$((props)=>{
    useStyles$('hola');
    return $(()=>/*#__PURE__*/ _jsxQ("div", null, null, _wrapProp(state, "thing"), 1, "u6_0"));
});


Some("{\"version\":3,\"sources\":[\"/user/qwik/src/test.tsx\"],\"names\":[],\"mappings\":\";;AAGA,OAAO,MAAM,UAAU,EAAE,IAAI,QAAQ,GAAG,CAAC,SAAS;AAElD,OAAO,MAAM,MAAM,WAAW,CAAC,QAAU;IACxC,WAAW;IACX,OAAO,EAAE,kBACR,MAAC,6BAAK;AAER,GAAG\"}")
== DIAGNOSTICS ==

[]
