---
source: packages/qwik/src/optimizer/core/src/test.rs
expression: output
---
==INPUT==


import { component$, useStore } from '@builder.io/qwik';

export const App = component$((props: Stuff) => {
    return (
        <Cmp>
            <p class="stuff" onClick$={() => console.log('warn')}>Hello Qwik</p>
        </Cmp>
    );
});

============================= test.tsx ==

import { componentQrl } from "@builder.io/qwik";
import { inlinedQrl } from "@builder.io/qwik";
import { _jsxQ } from "@builder.io/qwik";
import { _jsxC } from "@builder.io/qwik";
export const App = /*#__PURE__*/ componentQrl(/*#__PURE__*/ inlinedQrl((props: Stuff)=>{
    return /*#__PURE__*/ _jsxC(Cmp, {
        children: /*#__PURE__*/ _jsxQ("p", {
            onClick$: /*#__PURE__*/ inlinedQrl(()=>console.log('warn'), "App_component_Cmp_p_onClick_vuXzfUTkpto")
        }, {
            class: "stuff"
        }, "Hello Qwik", 3, null)
    }, 1, "u6_0");
}, "App_component_ckEPmXZlub0"));


Some("{\"version\":3,\"sources\":[\"/user/qwik/src/test.tsx\"],\"names\":[],\"mappings\":\"AACA;;;;AAEA,OAAO,MAAM,oBAAM,sCAAW,CAAC,OAAO,QAAU;IAC5C,qBACI,MAAC;kBACG,cAAA,MAAC;YAAgB,QAAQ,2BAAE,IAAM,QAAQ,GAAG,CAAC;;YAA1C,OAAM;WAA6C;;AAGlE,iCAAG\"}")
== DIAGNOSTICS ==

[]
