---
source: packages/qwik/src/optimizer/core/src/test.rs
assertion_line: 594
expression: output
---
==INPUT==


import { $, component$, useSignal } from '@builder.io/qwik';
export const Works = component$((props: { fromProps: number }) => {
	let fromLocal = useSignal(0);
	return (
		<div 
			computed={fromLocal + props.fromProps}
			local={fromLocal} 
			props-wrap={props.fromProps}
			props-only={{props: props.fromProps}}
			props={{props: props.fromProps, local: fromLocal}}
				>
		</div>
	);
});

============================= test.js ==

import { componentQrl } from "@builder.io/qwik";
import { _wrapProp } from "@builder.io/qwik";
import { _fnSignal } from "@builder.io/qwik";
import { _jsxSorted } from "@builder.io/qwik";
import { inlinedQrl } from "@builder.io/qwik";
import { useSignal } from '@builder.io/qwik';
export const Works = /*#__PURE__*/ componentQrl(/*#__PURE__*/ inlinedQrl((props)=>{
    let fromLocal = useSignal(0);
    return /*#__PURE__*/ _jsxSorted("div", {
        computed: fromLocal + props.fromProps,
        local: fromLocal,
        props: {
            props: props.fromProps,
            local: fromLocal
        }
    }, {
        "props-wrap": _wrapProp(props, "fromProps"),
        "props-only": _fnSignal((p0)=>({
                props: p0.fromProps
            }), [
            props
        ], "{props:p0.fromProps}")
    }, null, 3, "u6_0");
}, "Works_component_t45qL4vNGv0"));


Some("{\"version\":3,\"sources\":[\"/user/qwik/src/test.tsx\"],\"names\":[],\"mappings\":\";;;;;AACA,SAAwB,SAAS,QAAQ,mBAAmB;AAC5D,OAAO,MAAM,sBAAQ,sCAAW,CAAC,QAAiC;IACjE,IAAI,YAAY,UAAU;IAC1B,qBACC,WAAC;QACA,UAAU,YAAY,MAAM,SAAS;QACrC,OAAO;QAGP,OAAO;YAAC,OAAO,MAAM,SAAS;YAAE,OAAO;QAAS;;QAFhD,YAAU,YAAE;QACZ,YAAU,kBAAE,CAAA;gBAAC,OAAO,GAAM,SAAS;YAAA,CAAA;;;;AAKtC,mCAAG\"}")
== DIAGNOSTICS ==

[]
